Flutter crash report.
Please report a bug at https://github.com/flutter/flutter/issues.

## command

flutter run -d chrome --dart-define=API_BASE_URL=http://localhost:8001

## exception

TimeoutException: TimeoutException after 0:00:05.000000: Future not completed

```
#0      Future.timeout.<anonymous closure> (dart:async/future_impl.dart:1042:24)
<asynchronous suspension>
#1      WebkitDebugger.enable (package:dwds/src/debugging/webkit_debugger.dart:158:9)
<asynchronous suspension>
#2      Debugger._initialize (package:dwds/src/debugging/debugger.dart:253:5)
<asynchronous suspension>
#3      Debugger.create (package:dwds/src/debugging/debugger.dart:232:5)
<asynchronous suspension>
#4      ChromeProxyService.createIsolate (package:dwds/src/services/chrome/chrome_proxy_service.dart:282:22)
<asynchronous suspension>
#5      ChromeProxyService.create (package:dwds/src/services/chrome/chrome_proxy_service.dart:144:5)
<asynchronous suspension>
#6      ChromeDebugService.start (package:dwds/src/services/chrome/chrome_debug_service.dart:76:32)
<asynchronous suspension>
#7      DevHandler._createChromeAppServices (package:dwds/src/handlers/dev_handler.dart:363:26)
<asynchronous suspension>
#8      DevHandler.loadAppServices (package:dwds/src/handlers/dev_handler.dart:333:23)
<asynchronous suspension>
#9      DevHandler.createDebugConnectionForChrome (package:dwds/src/handlers/dev_handler.dart:654:30)
<asynchronous suspension>
#10     Dwds.debugConnection (package:dwds/dart_web_debug_service.dart:68:14)
<asynchronous suspension>
#11     WebDevFS.connect.<anonymous closure> (package:flutter_tools/src/isolated/devfs_web.dart:160:17)
<asynchronous suspension>
```

## flutter doctor

```
[32m[✓][39m Flutter (Channel stable, 3.44.0, on Microsoft Windows [Versi¢n 10.0.19045.7663], locale es-CO) [15,4s]
    [32m•[39m Flutter version 3.44.0 on channel stable at C:\Users\Steven\flutter
    [32m•[39m Upstream repository https://github.com/flutter/flutter.git
    [32m•[39m Framework revision 559ffa3f75 (3 months ago), 2026-05-15 14:13:13 -0700
    [32m•[39m Engine revision 4c525dac5e
    [32m•[39m Dart version 3.12.0
    [32m•[39m DevTools version 2.57.0
    [32m•[39m Feature flags: enable-web, enable-linux-desktop, enable-macos-desktop, enable-windows-desktop, enable-android, enable-ios, cli-animations, enable-native-assets,
      enable-swift-package-manager, omit-legacy-version-file, enable-lldb-debugging, enable-uiscene-migration

[32m[✓][39m Windows Version (10 Home Single Language 64 bits, 22H2, 2009) [67,1s]

[32m[✓][39m Android toolchain - develop for Android devices (Android SDK version 36.1.0) [39,4s]
    [32m•[39m Android SDK at C:\Users\Steven\AppData\Local\Android\sdk
    [32m•[39m Emulator version 36.5.11.0 (build_id 15261927) (CL:N/A)
    [32m•[39m Platform android-36.1, build-tools 36.1.0
    [32m•[39m Java binary at: C:\Program Files\Android\Android Studio\jbr\bin\java
      This is the JDK bundled with the latest Android Studio installation on this machine.
      To manually set the JDK path, use: `flutter config --jdk-dir="path/to/jdk"`.
    [32m•[39m Java version OpenJDK Runtime Environment (build 21.0.10+-14961533-b1163.108)
    [32m•[39m All Android licenses accepted.

[32m[✓][39m Chrome - develop for the web [218ms]
    [32m•[39m Chrome at C:\Program Files\Google\Chrome\Application\chrome.exe

[31m[✗][39m Visual Studio - develop Windows apps [215ms]
    [31m✗[39m Visual Studio not installed; this is necessary to develop Windows apps.
      Download at https://visualstudio.microsoft.com/downloads/.
      Please install the "Desktop development with C++" workload, including all of its default components

[32m[✓][39m Connected device (3 available) [4,6s]
    [32m•[39m Windows (desktop) • windows • windows-x64    • Microsoft Windows [Versi¢n 10.0.19045.7663]
    [32m•[39m Chrome (web)      • chrome  • web-javascript • Google Chrome 151.0.7922.175
    [32m•[39m Edge (web)        • edge    • web-javascript • Microsoft Edge 151.0.4129.107

[32m[✓][39m Network resources [4,5s]
    [32m•[39m All expected network resources are available.

[33m![39m Doctor found issues in 1 category.
```
